Using pre-set license
Built from '2020.3/staging' branch; Version is '2020.3.48f1 (b805b124c6b7) revision 12060081'; Using compiler version '192528614'; Build Type 'Release'
OS: 'Windows 11  (10.0.26100) 64bit Core' Language: 'es' Physical Memory: 16167 MB
BatchMode: 1, IsHumanControllingUs: 0, StartBugReporterOnCrash: 0, Is64bit: 1, IsPro: 0

COMMAND LINE ARGUMENTS:
C:\Program Files\Unity\Hub\Editor\2020.3.48f1-x86_64\Editor\Unity.exe
-adb2
-batchMode
-noUpm
-name
AssetImportWorker0
-projectPath
D:/Realidad Aumentada/Hora de Aventura Final/ProyectoRV1
-logFile
Logs/AssetImportWorker0.log
-srvPort
57976
Successfully changed project path to: D:/Realidad Aumentada/Hora de Aventura Final/ProyectoRV1
D:/Realidad Aumentada/Hora de Aventura Final/ProyectoRV1
Using Asset Import Pipeline V2.
Player connection [20408] Host "[IP] 192.168.249.1 [Port] 3221442848 [Flags] 2 [Guid] 4069119528 [EditorId] 4069119528 [Version] 1048832 [Id] WindowsEditor(7,DESKTOP-0KNUGSO) [Debug] 1 [PackageName] WindowsEditor [ProjectName] Editor" joined multi-casting on [225.0.0.222:54997]...

Player connection [20408] Host "[IP] 192.168.249.1 [Port] 3221442848 [Flags] 2 [Guid] 4069119528 [EditorId] 4069119528 [Version] 1048832 [Id] WindowsEditor(7,DESKTOP-0KNUGSO) [Debug] 1 [PackageName] WindowsEditor [ProjectName] Editor" joined alternative multi-casting on [225.0.0.222:34997]...

Refreshing native plugins compatible for Editor in 39.37 ms, found 2 plugins.
Preloading 0 native plugins for Editor in 0.00 ms.
Initialize engine version: 2020.3.48f1 (b805b124c6b7)
[Subsystems] Discovering subsystems at path C:/Program Files/Unity/Hub/Editor/2020.3.48f1-x86_64/Editor/Data/Resources/UnitySubsystems
[Subsystems] Discovering subsystems at path D:/Realidad Aumentada/Hora de Aventura Final/ProyectoRV1/Assets
GfxDevice: creating device client; threaded=0
Direct3D:
    Version:  Direct3D 11.0 [level 11.1]
    Renderer: NVIDIA GeForce GTX 1650 (ID=0x1f9d)
    Vendor:   
    VRAM:     3952 MB
    Driver:   31.0.15.2904
Initialize mono
Mono path[0] = 'C:/Program Files/Unity/Hub/Editor/2020.3.48f1-x86_64/Editor/Data/Managed'
Mono path[1] = 'C:/Program Files/Unity/Hub/Editor/2020.3.48f1-x86_64/Editor/Data/MonoBleedingEdge/lib/mono/unityjit'
Mono config path = 'C:/Program Files/Unity/Hub/Editor/2020.3.48f1-x86_64/Editor/Data/MonoBleedingEdge/etc'
Using monoOptions --debugger-agent=transport=dt_socket,embedding=1,server=y,suspend=n,address=127.0.0.1:56576
Begin MonoManager ReloadAssembly
Registering precompiled unity dll's ...
Register platform support module: C:/Program Files/Unity/Hub/Editor/2020.3.48f1-x86_64/Editor/Data/PlaybackEngines/WindowsStandaloneSupport/UnityEditor.WindowsStandalone.Extensions.dll
Registered in 0.000960 seconds.
Native extension for WindowsStandalone target not found
Refreshing native plugins compatible for Editor in 19.70 ms, found 2 plugins.
Preloading 0 native plugins for Editor in 0.00 ms.
Mono: successfully reloaded assembly
- Completed reload, in  0.399 seconds
Domain Reload Profiling:
	ReloadAssembly (399ms)
		BeginReloadAssembly (45ms)
			ExecutionOrderSort (0ms)
			DisableScriptedObjects (0ms)
			BackupInstance (0ms)
			ReleaseScriptingObjects (0ms)
			CreateAndSetChildDomain (1ms)
		EndReloadAssembly (303ms)
			LoadAssemblies (44ms)
			RebuildTransferFunctionScriptingTraits (0ms)
			SetupTypeCache (101ms)
			ReleaseScriptCaches (0ms)
			RebuildScriptCaches (24ms)
			SetupLoadedEditorAssemblies (110ms)
				LogAssemblyErrors (0ms)
				InitializePlatformSupportModulesInManaged (3ms)
				SetLoadedEditorAssemblies (0ms)
				RefreshPlugins (20ms)
				BeforeProcessingInitializeOnLoad (11ms)
				ProcessInitializeOnLoadAttributes (56ms)
				ProcessInitializeOnLoadMethodAttributes (20ms)
				AfterProcessingInitializeOnLoad (0ms)
				EditorAssembliesLoaded (0ms)
			ExecutionOrderSort2 (0ms)
			AwakeInstancesAfterBackupRestoration (0ms)
Platform modules already initialized, skipping
Registering precompiled user dll's ...
Registered in 0.001120 seconds.
Begin MonoManager ReloadAssembly
Native extension for WindowsStandalone target not found
Refreshing native plugins compatible for Editor in 0.29 ms, found 2 plugins.
Preloading 0 native plugins for Editor in 0.00 ms.
Mono: successfully reloaded assembly
- Completed reload, in  0.726 seconds
Domain Reload Profiling:
	ReloadAssembly (726ms)
		BeginReloadAssembly (99ms)
			ExecutionOrderSort (0ms)
			DisableScriptedObjects (3ms)
			BackupInstance (0ms)
			ReleaseScriptingObjects (0ms)
			CreateAndSetChildDomain (14ms)
		EndReloadAssembly (577ms)
			LoadAssemblies (64ms)
			RebuildTransferFunctionScriptingTraits (0ms)
			SetupTypeCache (199ms)
			ReleaseScriptCaches (0ms)
			RebuildScriptCaches (30ms)
			SetupLoadedEditorAssemblies (237ms)
				LogAssemblyErrors (0ms)
				InitializePlatformSupportModulesInManaged (3ms)
				SetLoadedEditorAssemblies (1ms)
				RefreshPlugins (0ms)
				BeforeProcessingInitializeOnLoad (72ms)
				ProcessInitializeOnLoadAttributes (151ms)
				ProcessInitializeOnLoadMethodAttributes (6ms)
				AfterProcessingInitializeOnLoad (3ms)
				EditorAssembliesLoaded (0ms)
			ExecutionOrderSort2 (0ms)
			AwakeInstancesAfterBackupRestoration (2ms)
Platform modules already initialized, skipping
========================================================================
Worker process is ready to serve import requests
Launched and connected shader compiler UnityShaderCompiler.exe after 0.03 seconds
Refreshing native plugins compatible for Editor in 0.24 ms, found 2 plugins.
Preloading 0 native plugins for Editor in 0.00 ms.
Unloading 1332 Unused Serialized files (Serialized files now loaded: 0)
System memory in use before: 64.2 MB.
System memory in use after: 64.3 MB.

Unloading 16 unused Assets to reduce memory usage. Loaded Objects now: 1769.
Total: 2.334100 ms (FindLiveObjects: 0.094000 ms CreateObjectMapping: 0.025100 ms MarkObjects: 2.128700 ms  DeleteObjects: 0.084900 ms)

AssetImportParameters requested are different than current active one (requested -> active):
  custom:framework-win-MediaFoundation: 216162199b28c13a410421893ffa2e32 -> 
  custom:video-decoder-ogg-theora: a1e56fd34408186e4bbccfd4996cb3dc -> 
  custom:container-muxer-webm: aa71ff27fc2769a1b78a27578f13a17b -> 
  custom:container-demuxer-webm: 4f35f7cbe854078d1ac9338744f61a02 -> 
  custom:container-demuxer-ogg: 62fdf1f143b41e24485cea50d1cbac27 -> 
  custom:video-encoder-webm-vp8: eb34c28f22e8b96e1ab97ce403110664 -> 
  custom:video-codec-MediaFoundation-h265: 746d11721c4dcdbdad8f713fa42b33f4 -> 
  custom:video-decoder-webm-vp8: 9c59270c3fd7afecdb556c50c9e8de78 -> 
  custom:audio-decoder-ogg-vorbis: bf7c407c2cedff20999df2af8eb42d56 -> 
  custom:audio-encoder-webm-vorbis: bf7c407c2cedff20999df2af8eb42d56 -> 
========================================================================
Received Import Request.
  path: Assets/01_Scenes/Scene01.unity
  artifactKey: Guid(924b9b1723dcb4745bfead64823e2996) Importer(815301076,1909f56bfc062723c751e8b465ee728b)
Start importing Assets/01_Scenes/Scene01.unity using Guid(924b9b1723dcb4745bfead64823e2996) Importer(815301076,1909f56bfc062723c751e8b465ee728b)  -> (artifact id: 'b8bbe2381de3480bae7afe2543a16899') in 0.010186 seconds 
========================================================================
Received Import Request.
  Time since last request: 0.000327 seconds.
  path: Assets/01_Scenes/SampleScene.unity
  artifactKey: Guid(9fc0d4010bbf28b4594072e72b8655ab) Importer(815301076,1909f56bfc062723c751e8b465ee728b)
Start importing Assets/01_Scenes/SampleScene.unity using Guid(9fc0d4010bbf28b4594072e72b8655ab) Importer(815301076,1909f56bfc062723c751e8b465ee728b)  -> (artifact id: '8243eb188377288da4bbba8d9a0f6691') in 0.011728 seconds 
========================================================================
Received Prepare
Registering precompiled user dll's ...
Registered in 0.001764 seconds.
Begin MonoManager ReloadAssembly
Native extension for WindowsStandalone target not found
Refreshing native plugins compatible for Editor in 0.25 ms, found 2 plugins.
Preloading 0 native plugins for Editor in 0.00 ms.
Mono: successfully reloaded assembly
- Completed reload, in  0.677 seconds
Domain Reload Profiling:
	ReloadAssembly (677ms)
		BeginReloadAssembly (80ms)
			ExecutionOrderSort (0ms)
			DisableScriptedObjects (3ms)
			BackupInstance (0ms)
			ReleaseScriptingObjects (0ms)
			CreateAndSetChildDomain (22ms)
		EndReloadAssembly (554ms)
			LoadAssemblies (63ms)
			RebuildTransferFunctionScriptingTraits (0ms)
			SetupTypeCache (186ms)
			ReleaseScriptCaches (1ms)
			RebuildScriptCaches (27ms)
			SetupLoadedEditorAssemblies (224ms)
				LogAssemblyErrors (0ms)
				InitializePlatformSupportModulesInManaged (3ms)
				SetLoadedEditorAssemblies (0ms)
				RefreshPlugins (0ms)
				BeforeProcessingInitializeOnLoad (50ms)
				ProcessInitializeOnLoadAttributes (159ms)
				ProcessInitializeOnLoadMethodAttributes (7ms)
				AfterProcessingInitializeOnLoad (4ms)
				EditorAssembliesLoaded (0ms)
			ExecutionOrderSort2 (0ms)
			AwakeInstancesAfterBackupRestoration (2ms)
Platform modules already initialized, skipping
Refreshing native plugins compatible for Editor in 0.24 ms, found 2 plugins.
Preloading 0 native plugins for Editor in 0.00 ms.
Unloading 1326 Unused Serialized files (Serialized files now loaded: 0)
System memory in use before: 64.1 MB.
System memory in use after: 64.2 MB.

Unloading 11 unused Assets to reduce memory usage. Loaded Objects now: 1772.
Total: 1.951000 ms (FindLiveObjects: 0.084900 ms CreateObjectMapping: 0.023900 ms MarkObjects: 1.820500 ms  DeleteObjects: 0.020700 ms)

AssetImportParameters requested are different than current active one (requested -> active):
  custom:framework-win-MediaFoundation: 216162199b28c13a410421893ffa2e32 -> 
  custom:video-decoder-ogg-theora: a1e56fd34408186e4bbccfd4996cb3dc -> 
  custom:container-muxer-webm: aa71ff27fc2769a1b78a27578f13a17b -> 
  custom:container-demuxer-webm: 4f35f7cbe854078d1ac9338744f61a02 -> 
  custom:container-demuxer-ogg: 62fdf1f143b41e24485cea50d1cbac27 -> 
  custom:video-encoder-webm-vp8: eb34c28f22e8b96e1ab97ce403110664 -> 
  custom:video-codec-MediaFoundation-h265: 746d11721c4dcdbdad8f713fa42b33f4 -> 
  custom:video-decoder-webm-vp8: 9c59270c3fd7afecdb556c50c9e8de78 -> 
  custom:audio-decoder-ogg-vorbis: bf7c407c2cedff20999df2af8eb42d56 -> 
  custom:audio-encoder-webm-vorbis: bf7c407c2cedff20999df2af8eb42d56 -> 
========================================================================
Received Prepare
Registering precompiled user dll's ...
Registered in 0.001236 seconds.
Begin MonoManager ReloadAssembly
Native extension for WindowsStandalone target not found
Refreshing native plugins compatible for Editor in 0.24 ms, found 2 plugins.
Preloading 0 native plugins for Editor in 0.00 ms.
Mono: successfully reloaded assembly
- Completed reload, in  0.650 seconds
Domain Reload Profiling:
	ReloadAssembly (650ms)
		BeginReloadAssembly (84ms)
			ExecutionOrderSort (0ms)
			DisableScriptedObjects (3ms)
			BackupInstance (0ms)
			ReleaseScriptingObjects (0ms)
			CreateAndSetChildDomain (22ms)
		EndReloadAssembly (518ms)
			LoadAssemblies (70ms)
			RebuildTransferFunctionScriptingTraits (0ms)
			SetupTypeCache (175ms)
			ReleaseScriptCaches (1ms)
			RebuildScriptCaches (25ms)
			SetupLoadedEditorAssemblies (203ms)
				LogAssemblyErrors (0ms)
				InitializePlatformSupportModulesInManaged (3ms)
				SetLoadedEditorAssemblies (0ms)
				RefreshPlugins (0ms)
				BeforeProcessingInitializeOnLoad (47ms)
				ProcessInitializeOnLoadAttributes (141ms)
				ProcessInitializeOnLoadMethodAttributes (7ms)
				AfterProcessingInitializeOnLoad (4ms)
				EditorAssembliesLoaded (0ms)
			ExecutionOrderSort2 (0ms)
			AwakeInstancesAfterBackupRestoration (2ms)
Platform modules already initialized, skipping
Refreshing native plugins compatible for Editor in 0.24 ms, found 2 plugins.
Preloading 0 native plugins for Editor in 0.00 ms.
Unloading 1326 Unused Serialized files (Serialized files now loaded: 0)
System memory in use before: 64.1 MB.
System memory in use after: 64.2 MB.

Unloading 11 unused Assets to reduce memory usage. Loaded Objects now: 1775.
Total: 1.789900 ms (FindLiveObjects: 0.083500 ms CreateObjectMapping: 0.024200 ms MarkObjects: 1.661000 ms  DeleteObjects: 0.020100 ms)

AssetImportParameters requested are different than current active one (requested -> active):
  custom:framework-win-MediaFoundation: 216162199b28c13a410421893ffa2e32 -> 
  custom:video-decoder-ogg-theora: a1e56fd34408186e4bbccfd4996cb3dc -> 
  custom:container-muxer-webm: aa71ff27fc2769a1b78a27578f13a17b -> 
  custom:container-demuxer-webm: 4f35f7cbe854078d1ac9338744f61a02 -> 
  custom:container-demuxer-ogg: 62fdf1f143b41e24485cea50d1cbac27 -> 
  custom:video-encoder-webm-vp8: eb34c28f22e8b96e1ab97ce403110664 -> 
  custom:video-codec-MediaFoundation-h265: 746d11721c4dcdbdad8f713fa42b33f4 -> 
  custom:video-decoder-webm-vp8: 9c59270c3fd7afecdb556c50c9e8de78 -> 
  custom:audio-decoder-ogg-vorbis: bf7c407c2cedff20999df2af8eb42d56 -> 
  custom:audio-encoder-webm-vorbis: bf7c407c2cedff20999df2af8eb42d56 -> 
========================================================================
Received Prepare
Registering precompiled user dll's ...
Registered in 0.001398 seconds.
Begin MonoManager ReloadAssembly
Native extension for WindowsStandalone target not found
Refreshing native plugins compatible for Editor in 0.23 ms, found 2 plugins.
Preloading 0 native plugins for Editor in 0.00 ms.
Mono: successfully reloaded assembly
- Completed reload, in  0.661 seconds
Domain Reload Profiling:
	ReloadAssembly (661ms)
		BeginReloadAssembly (83ms)
			ExecutionOrderSort (0ms)
			DisableScriptedObjects (3ms)
			BackupInstance (0ms)
			ReleaseScriptingObjects (0ms)
			CreateAndSetChildDomain (23ms)
		EndReloadAssembly (529ms)
			LoadAssemblies (72ms)
			RebuildTransferFunctionScriptingTraits (0ms)
			SetupTypeCache (195ms)
			ReleaseScriptCaches (1ms)
			RebuildScriptCaches (26ms)
			SetupLoadedEditorAssemblies (192ms)
				LogAssemblyErrors (0ms)
				InitializePlatformSupportModulesInManaged (3ms)
				SetLoadedEditorAssemblies (0ms)
				RefreshPlugins (0ms)
				BeforeProcessingInitializeOnLoad (49ms)
				ProcessInitializeOnLoadAttributes (130ms)
				ProcessInitializeOnLoadMethodAttributes (6ms)
				AfterProcessingInitializeOnLoad (3ms)
				EditorAssembliesLoaded (0ms)
			ExecutionOrderSort2 (0ms)
			AwakeInstancesAfterBackupRestoration (1ms)
Platform modules already initialized, skipping
Refreshing native plugins compatible for Editor in 0.24 ms, found 2 plugins.
Preloading 0 native plugins for Editor in 0.00 ms.
Unloading 1341 Unused Serialized files (Serialized files now loaded: 0)
System memory in use before: 64.4 MB.
System memory in use after: 64.5 MB.

Unloading 11 unused Assets to reduce memory usage. Loaded Objects now: 1793.
Total: 1.907600 ms (FindLiveObjects: 0.084500 ms CreateObjectMapping: 0.024200 ms MarkObjects: 1.779100 ms  DeleteObjects: 0.018900 ms)

AssetImportParameters requested are different than current active one (requested -> active):
  custom:framework-win-MediaFoundation: 216162199b28c13a410421893ffa2e32 -> 
  custom:video-decoder-ogg-theora: a1e56fd34408186e4bbccfd4996cb3dc -> 
  custom:container-muxer-webm: aa71ff27fc2769a1b78a27578f13a17b -> 
  custom:container-demuxer-webm: 4f35f7cbe854078d1ac9338744f61a02 -> 
  custom:container-demuxer-ogg: 62fdf1f143b41e24485cea50d1cbac27 -> 
  custom:video-encoder-webm-vp8: eb34c28f22e8b96e1ab97ce403110664 -> 
  custom:video-codec-MediaFoundation-h265: 746d11721c4dcdbdad8f713fa42b33f4 -> 
  custom:video-decoder-webm-vp8: 9c59270c3fd7afecdb556c50c9e8de78 -> 
  custom:audio-decoder-ogg-vorbis: bf7c407c2cedff20999df2af8eb42d56 -> 
  custom:audio-encoder-webm-vorbis: bf7c407c2cedff20999df2af8eb42d56 -> 
========================================================================
Received Import Request.
  Time since last request: 257.807353 seconds.
  path: Assets/04_Prefabs/Enemies
  artifactKey: Guid(5d95a78538e101742aa42d2c2d77748d) Importer(815301076,1909f56bfc062723c751e8b465ee728b)
Start importing Assets/04_Prefabs/Enemies using Guid(5d95a78538e101742aa42d2c2d77748d) Importer(815301076,1909f56bfc062723c751e8b465ee728b)  -> (artifact id: 'e90192ee34af5cec8c0a4a77f313ba0e') in 0.011805 seconds 
========================================================================
Received Import Request.
  Time since last request: 1.292516 seconds.
  path: Assets/04_Prefabs/Enemies/Enemy (1).prefab
  artifactKey: Guid(d5e221344b1f8d54396ed41a4e78f583) Importer(815301076,1909f56bfc062723c751e8b465ee728b)
Start importing Assets/04_Prefabs/Enemies/Enemy (1).prefab using Guid(d5e221344b1f8d54396ed41a4e78f583) Importer(815301076,1909f56bfc062723c751e8b465ee728b)  -> (artifact id: 'c9a5fa286ea090b4bf2f9b326722bfd7') in 0.118023 seconds 
========================================================================
Received Prepare
Registering precompiled user dll's ...
Registered in 0.001149 seconds.
Begin MonoManager ReloadAssembly
Native extension for WindowsStandalone target not found
Refreshing native plugins compatible for Editor in 0.23 ms, found 2 plugins.
Preloading 0 native plugins for Editor in 0.00 ms.
Mono: successfully reloaded assembly
- Completed reload, in  0.614 seconds
Domain Reload Profiling:
	ReloadAssembly (614ms)
		BeginReloadAssembly (77ms)
			ExecutionOrderSort (0ms)
			DisableScriptedObjects (3ms)
			BackupInstance (0ms)
			ReleaseScriptingObjects (0ms)
			CreateAndSetChildDomain (22ms)
		EndReloadAssembly (496ms)
			LoadAssemblies (62ms)
			RebuildTransferFunctionScriptingTraits (0ms)
			SetupTypeCache (172ms)
			ReleaseScriptCaches (1ms)
			RebuildScriptCaches (26ms)
			SetupLoadedEditorAssemblies (190ms)
				LogAssemblyErrors (0ms)
				InitializePlatformSupportModulesInManaged (3ms)
				SetLoadedEditorAssemblies (0ms)
				RefreshPlugins (0ms)
				BeforeProcessingInitializeOnLoad (47ms)
				ProcessInitializeOnLoadAttributes (130ms)
				ProcessInitializeOnLoadMethodAttributes (6ms)
				AfterProcessingInitializeOnLoad (3ms)
				EditorAssembliesLoaded (0ms)
			ExecutionOrderSort2 (0ms)
			AwakeInstancesAfterBackupRestoration (1ms)
Platform modules already initialized, skipping
Refreshing native plugins compatible for Editor in 0.24 ms, found 2 plugins.
Preloading 0 native plugins for Editor in 0.00 ms.
Unloading 1341 Unused Serialized files (Serialized files now loaded: 0)
System memory in use before: 67.6 MB.
System memory in use after: 67.7 MB.

Unloading 12 unused Assets to reduce memory usage. Loaded Objects now: 1805.
Total: 1.867800 ms (FindLiveObjects: 0.084800 ms CreateObjectMapping: 0.024200 ms MarkObjects: 1.724100 ms  DeleteObjects: 0.033900 ms)

AssetImportParameters requested are different than current active one (requested -> active):
  custom:framework-win-MediaFoundation: 216162199b28c13a410421893ffa2e32 -> 
  custom:video-decoder-ogg-theora: a1e56fd34408186e4bbccfd4996cb3dc -> 
  custom:container-muxer-webm: aa71ff27fc2769a1b78a27578f13a17b -> 
  custom:container-demuxer-webm: 4f35f7cbe854078d1ac9338744f61a02 -> 
  custom:container-demuxer-ogg: 62fdf1f143b41e24485cea50d1cbac27 -> 
  custom:video-encoder-webm-vp8: eb34c28f22e8b96e1ab97ce403110664 -> 
  custom:video-codec-MediaFoundation-h265: 746d11721c4dcdbdad8f713fa42b33f4 -> 
  custom:video-decoder-webm-vp8: 9c59270c3fd7afecdb556c50c9e8de78 -> 
  custom:audio-decoder-ogg-vorbis: bf7c407c2cedff20999df2af8eb42d56 -> 
  custom:audio-encoder-webm-vorbis: bf7c407c2cedff20999df2af8eb42d56 -> 
========================================================================
Received Import Request.
  Time since last request: 11.590687 seconds.
  path: Assets/04_Prefabs/Enemies/LavaKing.prefab
  artifactKey: Guid(d5e221344b1f8d54396ed41a4e78f583) Importer(815301076,1909f56bfc062723c751e8b465ee728b)
Start importing Assets/04_Prefabs/Enemies/LavaKing.prefab using Guid(d5e221344b1f8d54396ed41a4e78f583) Importer(815301076,1909f56bfc062723c751e8b465ee728b)  -> (artifact id: '1c52e46196aa389d35f48a4333a9a635') in 0.064343 seconds 
========================================================================
Received Import Request.
  Time since last request: 125.013568 seconds.
  path: Assets/04_Prefabs/Enemies/Enemy (2).prefab
  artifactKey: Guid(7bbe98e53fbb60c4d93f61cb853e7d40) Importer(815301076,1909f56bfc062723c751e8b465ee728b)
Start importing Assets/04_Prefabs/Enemies/Enemy (2).prefab using Guid(7bbe98e53fbb60c4d93f61cb853e7d40) Importer(815301076,1909f56bfc062723c751e8b465ee728b)  -> (artifact id: 'f78617ef9101eb6dab2873e07607556e') in 0.040601 seconds 
========================================================================
Received Import Request.
  Time since last request: 11.585082 seconds.
  path: Assets/04_Prefabs/Enemies/LavaMounster.prefab
  artifactKey: Guid(7bbe98e53fbb60c4d93f61cb853e7d40) Importer(815301076,1909f56bfc062723c751e8b465ee728b)
Start importing Assets/04_Prefabs/Enemies/LavaMounster.prefab using Guid(7bbe98e53fbb60c4d93f61cb853e7d40) Importer(815301076,1909f56bfc062723c751e8b465ee728b)  -> (artifact id: '097d38fa9ea35510a184e90e7f1cd70f') in 0.037454 seconds 
========================================================================
Received Import Request.
  Time since last request: 7.338571 seconds.
  path: Assets/04_Prefabs/Enemies/LavaMonster.prefab
  artifactKey: Guid(7bbe98e53fbb60c4d93f61cb853e7d40) Importer(815301076,1909f56bfc062723c751e8b465ee728b)
Start importing Assets/04_Prefabs/Enemies/LavaMonster.prefab using Guid(7bbe98e53fbb60c4d93f61cb853e7d40) Importer(815301076,1909f56bfc062723c751e8b465ee728b)  -> (artifact id: '94dc0c6cbadbd24e6d24279731b7140f') in 0.029490 seconds 
========================================================================
Received Import Request.
  Time since last request: 2.110822 seconds.
  path: Assets/04_Prefabs/Enemies/Enemy (3).prefab
  artifactKey: Guid(0d1dae43488bf4244a17fdf3a3f4c342) Importer(815301076,1909f56bfc062723c751e8b465ee728b)
Start importing Assets/04_Prefabs/Enemies/Enemy (3).prefab using Guid(0d1dae43488bf4244a17fdf3a3f4c342) Importer(815301076,1909f56bfc062723c751e8b465ee728b)  -> (artifact id: 'a47ea9f09080ed12e36faff7e9a58766') in 0.027310 seconds 
========================================================================
Received Import Request.
  Time since last request: 8.973289 seconds.
  path: Assets/04_Prefabs/Enemies/LavaDog.prefab
  artifactKey: Guid(0d1dae43488bf4244a17fdf3a3f4c342) Importer(815301076,1909f56bfc062723c751e8b465ee728b)
Start importing Assets/04_Prefabs/Enemies/LavaDog.prefab using Guid(0d1dae43488bf4244a17fdf3a3f4c342) Importer(815301076,1909f56bfc062723c751e8b465ee728b)  -> (artifact id: '9ef2d80afd42c9cc2dd136c93bb8ddad') in 0.022719 seconds 
========================================================================
Received Import Request.
  Time since last request: 1.156865 seconds.
  path: Assets/04_Prefabs/Enemies/Enemy.prefab
  artifactKey: Guid(278b01b3c95991445a19659c261a0d08) Importer(815301076,1909f56bfc062723c751e8b465ee728b)
Start importing Assets/04_Prefabs/Enemies/Enemy.prefab using Guid(278b01b3c95991445a19659c261a0d08) Importer(815301076,1909f56bfc062723c751e8b465ee728b)  -> (artifact id: 'bed61e7b6e3deb73578f5848b9cfb9e5') in 0.036062 seconds 
========================================================================
Received Import Request.
  Time since last request: 27.773174 seconds.
  path: Assets/04_Prefabs/Enemies/EnemyFlambo.prefab
  artifactKey: Guid(278b01b3c95991445a19659c261a0d08) Importer(815301076,1909f56bfc062723c751e8b465ee728b)
Start importing Assets/04_Prefabs/Enemies/EnemyFlambo.prefab using Guid(278b01b3c95991445a19659c261a0d08) Importer(815301076,1909f56bfc062723c751e8b465ee728b)  -> (artifact id: '48df02624aa932c8df7bef74960fb1f5') in 0.025605 seconds 
========================================================================
Received Import Request.
  Time since last request: 560.870361 seconds.
  path: Assets/04_Prefabs/Enemies/EnemyFlambo.prefab
  artifactKey: Guid(278b01b3c95991445a19659c261a0d08) Importer(815301076,1909f56bfc062723c751e8b465ee728b)
Start importing Assets/04_Prefabs/Enemies/EnemyFlambo.prefab using Guid(278b01b3c95991445a19659c261a0d08) Importer(815301076,1909f56bfc062723c751e8b465ee728b)  -> (artifact id: '0dd2bbe0ca6d8590a2b0ee2373827910') in 0.021208 seconds 
========================================================================
Received Import Request.
  Time since last request: 100.379681 seconds.
  path: Assets/04_Prefabs/Enemies/LavaDog.prefab
  artifactKey: Guid(0d1dae43488bf4244a17fdf3a3f4c342) Importer(815301076,1909f56bfc062723c751e8b465ee728b)
Start importing Assets/04_Prefabs/Enemies/LavaDog.prefab using Guid(0d1dae43488bf4244a17fdf3a3f4c342) Importer(815301076,1909f56bfc062723c751e8b465ee728b)  -> (artifact id: '21fa99c8bcf63d425f20fa24bcf10c25') in 0.017354 seconds 
========================================================================
Received Import Request.
  Time since last request: 9.683086 seconds.
  path: Assets/04_Prefabs/Enemies/LavaDog.prefab
  artifactKey: Guid(0d1dae43488bf4244a17fdf3a3f4c342) Importer(815301076,1909f56bfc062723c751e8b465ee728b)
Start importing Assets/04_Prefabs/Enemies/LavaDog.prefab using Guid(0d1dae43488bf4244a17fdf3a3f4c342) Importer(815301076,1909f56bfc062723c751e8b465ee728b)  -> (artifact id: 'dd1fe554adb8275d194eda46648a9019') in 0.022246 seconds 
========================================================================
Received Import Request.
  Time since last request: 47.378419 seconds.
  path: Assets/02_Scripts/Enemyes/LavaDog.cs
  artifactKey: Guid(9eab6b81a3ab5054887b512f044eab9e) Importer(815301076,1909f56bfc062723c751e8b465ee728b)
Start importing Assets/02_Scripts/Enemyes/LavaDog.cs using Guid(9eab6b81a3ab5054887b512f044eab9e) Importer(815301076,1909f56bfc062723c751e8b465ee728b)  -> (artifact id: 'a387f5751728b536bb6b6300e9997b1b') in 0.011824 seconds 
========================================================================
Received Import Request.
  Time since last request: 73.843365 seconds.
  path: Assets/04_Prefabs/Enemies/LavaDog.prefab
  artifactKey: Guid(0d1dae43488bf4244a17fdf3a3f4c342) Importer(815301076,1909f56bfc062723c751e8b465ee728b)
Start importing Assets/04_Prefabs/Enemies/LavaDog.prefab using Guid(0d1dae43488bf4244a17fdf3a3f4c342) Importer(815301076,1909f56bfc062723c751e8b465ee728b)  -> (artifact id: 'b2341cfcc15272e18a899b7eaf55a831') in 0.015796 seconds 
========================================================================
Received Import Request.
  Time since last request: 9.976100 seconds.
  path: Assets/04_Prefabs/Enemies/LavaKing.prefab
  artifactKey: Guid(d5e221344b1f8d54396ed41a4e78f583) Importer(815301076,1909f56bfc062723c751e8b465ee728b)
Start importing Assets/04_Prefabs/Enemies/LavaKing.prefab using Guid(d5e221344b1f8d54396ed41a4e78f583) Importer(815301076,1909f56bfc062723c751e8b465ee728b)  -> (artifact id: '61fd58b73f45dc566ea6a45624038fa8') in 0.034094 seconds 
========================================================================
Received Import Request.
  Time since last request: 4.003688 seconds.
  path: Assets/04_Prefabs/Enemies/LavaKing.prefab
  artifactKey: Guid(d5e221344b1f8d54396ed41a4e78f583) Importer(815301076,1909f56bfc062723c751e8b465ee728b)
Start importing Assets/04_Prefabs/Enemies/LavaKing.prefab using Guid(d5e221344b1f8d54396ed41a4e78f583) Importer(815301076,1909f56bfc062723c751e8b465ee728b)  -> (artifact id: '49fd35f3d562e4de0a7635fb3cea64fe') in 0.042283 seconds 
========================================================================
Received Import Request.
  Time since last request: 16.801329 seconds.
  path: Assets/04_Prefabs/Enemies/LavaKing.prefab
  artifactKey: Guid(d5e221344b1f8d54396ed41a4e78f583) Importer(815301076,1909f56bfc062723c751e8b465ee728b)
Start importing Assets/04_Prefabs/Enemies/LavaKing.prefab using Guid(d5e221344b1f8d54396ed41a4e78f583) Importer(815301076,1909f56bfc062723c751e8b465ee728b)  -> (artifact id: '986bb8c6783fed4e3ae16e7fa72bbf04') in 0.040556 seconds 
========================================================================
Received Import Request.
  Time since last request: 7.955320 seconds.
  path: Assets/04_Prefabs/Enemies/LavaKing.prefab
  artifactKey: Guid(d5e221344b1f8d54396ed41a4e78f583) Importer(815301076,1909f56bfc062723c751e8b465ee728b)
Start importing Assets/04_Prefabs/Enemies/LavaKing.prefab using Guid(d5e221344b1f8d54396ed41a4e78f583) Importer(815301076,1909f56bfc062723c751e8b465ee728b)  -> (artifact id: 'fc422dd07677b121079eb6bfadaf5e1e') in 0.041329 seconds 
========================================================================
Received Import Request.
  Time since last request: 50.674503 seconds.
  path: Assets/04_Prefabs/Enemies/LavaKing.prefab
  artifactKey: Guid(d5e221344b1f8d54396ed41a4e78f583) Importer(815301076,1909f56bfc062723c751e8b465ee728b)
Start importing Assets/04_Prefabs/Enemies/LavaKing.prefab using Guid(d5e221344b1f8d54396ed41a4e78f583) Importer(815301076,1909f56bfc062723c751e8b465ee728b)  -> (artifact id: '6dc54a4f56dedcef0556ec56603d473b') in 0.040228 seconds 
AssetImportWorkerClient::OnTransportError - code=2 error=End of file
